No syntax errors detected in /var/www/html/app/plugins/Meilisearch/tools/comparer-latence.php
=== début : 05:34:55 ===
[1mLatence comparée — 25 expression(s) de ca_search_log[0m
[90mmême base, même machine, même processus ; tour de chauffe avant chaque mesure[0m

  expression                                     Meili     SqlS2  rapport   résultats
  chaises 2*                                  6856.9 ms 69032.7 ms [32m  10.07×[0m   [33m1822 ≠ 1509[0m
  peinture murale*                            4242.5 ms    77.7 ms [33m   0.02×[0m   [33m961 ≠ 923[0m
  Saint-Brice, Tournai                         940.3 ms   215.2 ms [33m   0.23×[0m   [33m995 ≠ 927[0m
  Tournai, Saint-Brice                          78.3 ms    87.9 ms [32m   1.12×[0m   [33m1139 ≠ 927[0m
  Flam*                                         97.2 ms    25.3 ms [33m   0.26×[0m   [33m974 ≠ 967[0m
  roch                                         139.7 ms    13.4 ms [33m   0.10×[0m   [33m5294 ≠ 966[0m
  10054*                                       201.8 ms    49.5 ms [33m   0.25×[0m   [33m1142 ≠ 977[0m
  chaises*                                     109.3 ms    10.0 ms [33m   0.09×[0m   [33m1822 ≠ 1042[0m
  Chasuble dorée*                             749.5 ms    64.4 ms [33m   0.09×[0m   [33m2783 ≠ 1067[0m
  saint-médard                                 90.7 ms    12.0 ms [33m   0.13×[0m   [33m984 ≠ 870[0m
  Henri                                        191.9 ms    11.6 ms [33m   0.06×[0m   [33m2153 ≠ 1003[0m
  il y en a é*                               2674.1 ms  3195.5 ms [32m   1.19×[0m   [33m1985 ≠ 1339[0m
  Orgue*                                        46.4 ms    18.3 ms [33m   0.40×[0m   [33m1448 ≠ 1085[0m
  Pale*                                         26.8 ms     6.8 ms [33m   0.25×[0m   1106
  il y en a 2*                                2144.7 ms 65005.6 ms [32m  30.31×[0m   [33m1985 ≠ 1339[0m
  burette                                     4797.2 ms    49.8 ms [33m   0.01×[0m   [33m2687 ≠ 2670[0m
  Saint-Sébastien                             744.1 ms    28.2 ms [33m   0.04×[0m   [33m1791 ≠ 982[0m
  Tableau sainte*                             2954.3 ms   294.7 ms [33m   0.10×[0m   [33m5033 ≠ 1046[0m
  crèche*                                     168.1 ms    17.1 ms [33m   0.10×[0m   [33m2028 ≠ 1138[0m
  il y en a*                                  2563.6 ms  2610.2 ms [32m   1.02×[0m   [33m1985 ≠ 1366[0m
  statue vierge à lenfant*                    510.3 ms   442.8 ms [33m   0.87×[0m   [33m1850 ≠ 1530[0m
  211467*                                      396.6 ms    35.7 ms [33m   0.09×[0m   [33m10554 ≠ 1209[0m
  Tournai, Sacré-Coeur                        233.8 ms   234.2 ms [32m   1.00×[0m   [33m1687 ≠ 1181[0m
  waremme                                       17.6 ms     7.5 ms [33m   0.43×[0m   1225
  statues de l*                               2231.7 ms  2870.3 ms [32m   1.29×[0m   [33m17850 ≠ 16198[0m

  [1mMédiane[0m   Meilisearch 396.6 ms   ·   SqlSearch2 49.8 ms   ·   rapport 0.13×
  [1mTotal[0m     Meilisearch 33.2 s    ·   SqlSearch2 144.4 s
  Meilisearch est plus rapide sur [1m7[0m des 25 expressions.
  [33m23 expression(s) ne rendent pas le même nombre de résultats[0m — la latence s'y compare mal.

=== fin : 05:37:54 ===

[exited with code 0]
